NAO share effect without barrier winds. Atlantic, pipeline A (ERA5 proxy), Oct-Apr 2004-05..2025-26, NAO lagged days -10..-4.

{
 "n_days": 4606,
 "n_seasons": 22,
 "n_tracks": 9636,
 "n_hf": 438,
 "n_T": 423,
 "n_G100": 438,
 "n_G300": 395,
 "n_R400": 426,
 "n_B": 15,
 "n_tracks_N60": 6207,
 "n_hf_N60": 291,
 "n_tracks_D": 9621,
 "n_hf_D": 423,
 "unclassified_hf_in_window": 0,
 "corr_NAO_GH_lag": -0.6931224404737828,
 "sd_NAO": 0.7719276713082321,
 "sd_GH_hPa": 9.65011174054064,
 "orig_RR_share": 1.1677557012788387,
 "orig_RR_share_ci": [
  1.0163111455933351,
  1.3072345420776856
 ],
 "orig_RR_HF": 1.1371426133297822,
 "orig_RR_all": 0.9737846812346699,
 "q_retained": 1.0345763447823597,
 "q_ci": [
  0.9238730893003821,
  1.3219172050066947
 ],
 "r_med": 0.24511780205826503,
 "r_ci": [
  -2.1069405090196627,
  0.803191797160593
 ],
 "q_loso": [
  1.012956251767465,
  1.0546261709166198
 ],
 "r_loso": [
  0.0628958222961945,
  0.44324830552749384
 ],
 "RR_share_NAO_given_GH": 1.0387455428837173,
 "RR_share_NAO_given_GH_ci": [
  0.9021953600447975,
  1.1860814453645243
 ],
 "n_boot": 2000,
 "seed": 20261008,
 "q_G100": 1.0,
 "q_G100_ci": [
  1.0,
  1.0
 ],
 "q_G300": 1.0264214839962305,
 "q_G300_ci": [
  0.7275226818496004,
  1.4575953705894968
 ],
 "q_R400": 1.0526890881205426,
 "q_R400_ci": [
  0.9568086781612489,
  1.3193532717577345
 ],
 "q_N60": 0.8653123793910638,
 "q_N60_ci": [
  -0.6126439709750521,
  1.4962145284141242
 ],
 "q_D": 1.0346240270257596,
 "q_D_ci": [
  0.9295399254150328,
  1.3101175709550066
 ],
 "q_ci_T_boot_median": 1.0375615084447722
}

             test family   log_est     RR  RR_lo  RR_hi         p      p_kind  se_boot  mde_2p8se  loso_min  loso_max  q_family    q_all
               P1     F1    0.1604  1.174  1.029  1.308  0.003998 permutation  0.06208     0.1738    0.1287     0.197  0.005997  0.01799
               P2     F1  0.005362  1.005 0.9911  1.021     0.466   bootstrap 0.007849    0.02198  0.002146  0.007778     0.466   0.6914
               P3     F1   -0.1171 0.8895 0.8291 0.9588     0.002   bootstrap  0.03827     0.1072    -0.129  -0.09664  0.005997  0.01333
          F2_G100     F2    0.1551  1.168  1.016  1.307  0.008496 permutation  0.06384     0.1788     0.122    0.1945   0.02249  0.02249
     F2_G100_diff     F2         0      1      1      1         2   bootstrap        0          0         0         0         1        1
          F2_G300     F2    0.1592  1.173  1.024   1.31  0.008996 permutation  0.06342     0.1776    0.1294    0.1947   0.02249  0.02249
     F2_G300_diff     F2  0.004098  1.004 0.9729  1.037      0.73   bootstrap  0.01656    0.04636  -0.00272   0.01338    0.8111   0.8588
          F2_R400     F2    0.1633  1.177  1.029  1.317  0.005497 permutation  0.06344     0.1776    0.1316    0.2011   0.02249  0.01832
     F2_R400_diff     F2  0.008171  1.008 0.9959  1.023     0.206   bootstrap 0.006789    0.01901  0.005225   0.01103    0.3433   0.3745
           F2_N60     F2    0.1342  1.144 0.9645  1.333   0.06047 permutation  0.08298     0.2323    0.1002    0.1774    0.1209   0.1209
      F2_N60_diff     F2  -0.02089 0.9793 0.9048  1.064     0.604   bootstrap  0.04013     0.1124  -0.03931 -0.002222     0.755    0.755
             F2_D     F2    0.1605  1.174  1.029  1.309  0.004498 permutation  0.06222     0.1742    0.1286    0.1972   0.02249  0.01799
        F2_D_diff     F2   0.00537  1.005 0.9918   1.02      0.45   bootstrap 0.007504    0.02101  0.002299  0.007673    0.6429   0.6914
   F3_stormHF_NAO     F3    0.1339  1.143  1.009  1.264   0.01899 permutation  0.05783     0.1619    0.1051    0.1673   0.05697   0.0422
 F3_barrierHF_NAO     F3   -0.0227 0.9776 0.6169  1.654    0.9475 permutation   0.2537     0.7104  -0.09884   0.08823    0.9475   0.9974
          F3_diff     F3    0.1566   1.17  0.717  1.843     0.484   bootstrap   0.2405     0.6733    0.0641    0.2317     0.726   0.6914
 F4_GH_share_orig     F4   -0.1936 0.8239 0.7417 0.9239 0.0004998 permutation  0.05725     0.1603   -0.2286   -0.1698 0.0009995 0.004998
    F4_GH_share_T     F4   -0.1969 0.8213 0.7426 0.9152 0.0004998 permutation  0.05407     0.1514   -0.2279   -0.1735 0.0009995 0.004998
       F4_GH_diff     F4 -0.003235 0.9968 0.9791  1.018     0.784   bootstrap 0.009851    0.02758 -0.007724  0.001301     0.784   0.8711
F4_NAO|GH_share_T     F4   0.04405  1.045 0.9071  1.192     0.521   bootstrap  0.07043     0.1972   0.01536    0.0882    0.6947   0.6947

